2026-05-20 10:41:25,561 INFO aicountant POST /api/auth/login 401 45.42ms
2026-05-20 10:42:18,932 INFO aicountant POST /api/auth/register 200 446.82ms
2026-05-20 10:42:19,054 INFO aicountant GET /api/dashboard 200 29.31ms
2026-05-20 10:42:19,077 INFO aicountant GET /api/dashboard 200 14.96ms
2026-05-20 10:42:25,879 INFO aicountant GET /api/clients 200 11.26ms
2026-05-20 10:42:25,894 INFO aicountant GET /api/clients 200 2.74ms
2026-05-20 10:42:30,959 INFO aicountant GET /api/documents 200 7.37ms
2026-05-20 10:42:30,980 INFO aicountant GET /api/documents 200 9.00ms
2026-05-20 10:42:34,545 INFO aicountant GET /api/automations 200 10.20ms
2026-05-20 10:42:34,550 INFO aicountant GET /api/automation-highlights 200 6.29ms
2026-05-20 10:42:34,577 INFO aicountant GET /api/automations 200 16.55ms
2026-05-20 10:42:34,580 INFO aicountant GET /api/automation-highlights 200 6.91ms
2026-05-20 10:42:35,978 INFO aicountant GET /api/transactions 200 5.99ms
2026-05-20 10:42:35,990 INFO aicountant GET /api/transactions 200 4.47ms
2026-05-20 10:43:11,243 INFO aicountant POST /api/auth/login 200 415.57ms
2026-05-20 10:43:11,325 INFO aicountant GET /api/dashboard 200 9.83ms
2026-05-20 10:43:11,344 INFO aicountant GET /api/dashboard 200 7.83ms
2026-05-20 10:43:15,420 INFO aicountant GET /api/clients 200 2.97ms
2026-05-20 10:43:15,435 INFO aicountant GET /api/clients 200 3.70ms
2026-05-20 10:43:26,651 INFO aicountant GET /api/workflows 200 7.25ms
2026-05-20 10:43:26,670 INFO aicountant GET /api/workflows 200 6.32ms
2026-05-20 10:43:27,990 INFO aicountant GET /api/documents 200 6.14ms
2026-05-20 10:43:28,005 INFO aicountant GET /api/documents 200 5.13ms
2026-05-20 10:43:29,444 INFO aicountant GET /api/dashboard 200 8.94ms
2026-05-20 10:43:29,460 INFO aicountant GET /api/dashboard 200 6.71ms
2026-05-20 10:43:31,832 INFO aicountant GET /api/automation-highlights 200 11.67ms
2026-05-20 10:43:31,833 INFO aicountant GET /api/automations 200 13.66ms
2026-05-20 10:43:31,849 INFO aicountant GET /api/automations 200 4.31ms
2026-05-20 10:43:31,850 INFO aicountant GET /api/automation-highlights 200 7.21ms
2026-05-20 10:43:33,375 INFO aicountant GET /api/dashboard 200 10.10ms
2026-05-20 10:43:33,392 INFO aicountant GET /api/dashboard 200 8.05ms
